Traceback (most recent call last):
  File "/Users/ktc_ai/ktc_hr/mail_ingest.py", line 83, in <module>
    main()
  File "/Users/ktc_ai/ktc_hr/mail_ingest.py", line 43, in main
    cn = pyodbc.connect(CS); cur = cn.cursor()
         ^^^^^^^^^^^^^^^^^^
pyodbc.OperationalError: ('HYT00', '[HYT00] [Microsoft][ODBC Driver 18 for SQL Server]Login timeout expired (0) (SQLDriverConnect)')
單封失敗: HTTPError
單封失敗: HTTPError
單封失敗: HTTPError
處理 0/3 封
處理 3/3 封
無未讀信
無未讀信
無未讀信
無未讀信
無未讀信
無未讀信
無未讀信
無未讀信
無未讀信
無未讀信
無未讀信
無未讀信
無未讀信
無未讀信
無未讀信
無未讀信
無未讀信
無未讀信
無未讀信
無未讀信
無未讀信
無未讀信
無未讀信
無未讀信
無未讀信
無未讀信
無未讀信
無未讀信
無未讀信
無未讀信
無未讀信
無未讀信
無未讀信
無未讀信
無未讀信
無未讀信
無未讀信
無未讀信
無未讀信
無未讀信
無未讀信
無未讀信
無未讀信
無未讀信
無未讀信
無未讀信
回覆歸戶: #15 王測試 → 已確認出席
處理 1/1 封
無未讀信
無未讀信
無未讀信
無未讀信
無未讀信
無未讀信
無未讀信
無未讀信
無未讀信
無未讀信
無未讀信
無未讀信
無未讀信
無未讀信
無未讀信
無未讀信
無未讀信
無未讀信
無未讀信
無未讀信
無未讀信
無未讀信
無未讀信
無未讀信
無未讀信
無未讀信
無未讀信
無未讀信
無未讀信
無未讀信
無未讀信
無未讀信
無未讀信
無未讀信
無未讀信
無未讀信
無未讀信
無未讀信
無未讀信
無未讀信
無未讀信
無未讀信
無未讀信
無未讀信
無未讀信
無未讀信
無未讀信
無未讀信
無未讀信
無未讀信
無未讀信
無未讀信
無未讀信
無未讀信
無未讀信
無未讀信
無未讀信
無未讀信
無未讀信
無未讀信
無未讀信
無未讀信
無未讀信
無未讀信
無未讀信
無未讀信
無未讀信
無未讀信
無未讀信
無未讀信
無未讀信
無未讀信
無未讀信
無未讀信
無未讀信
無未讀信
無未讀信
無未讀信
無未讀信
無未讀信
無未讀信
無未讀信
無未讀信
無未讀信
無未讀信
無未讀信
無未讀信
無未讀信
無未讀信
無未讀信
無未讀信
無未讀信
無未讀信
無未讀信
無未讀信
無未讀信
無未讀信
無未讀信
無未讀信
無未讀信
無未讀信
無未讀信
無未讀信
無未讀信
無未讀信
無未讀信
無未讀信
無未讀信
無未讀信
無未讀信
無未讀信
無未讀信
無未讀信
無未讀信
無未讀信
無未讀信
無未讀信
無未讀信
無未讀信
無未讀信
無未讀信
無未讀信
無未讀信
無未讀信
無未讀信
無未讀信
無未讀信
無未讀信
無未讀信
無未讀信
無未讀信
無未讀信
無未讀信
無未讀信
無未讀信
無未讀信
無未讀信
無未讀信
無未讀信
無未讀信
無未讀信
無未讀信
無未讀信
無未讀信
無未讀信
無未讀信
無未讀信
無未讀信
無未讀信
無未讀信
無未讀信
無未讀信
無未讀信
無未讀信
無未讀信
無未讀信
無未讀信
無未讀信
無未讀信
無未讀信
無未讀信
無未讀信
無未讀信
無未讀信
無未讀信
無未讀信
無未讀信
無未讀信
無未讀信
無未讀信
無未讀信
無未讀信
無未讀信
無未讀信
無未讀信
無未讀信
無未讀信
無未讀信
無未讀信
無未讀信
無未讀信
無未讀信
無未讀信
無未讀信
無未讀信
無未讀信
無未讀信
無未讀信
無未讀信
無未讀信
處理 1/1 封
無未讀信
無未讀信
無未讀信
無未讀信
無未讀信
無未讀信
